---
source: dynamecs-tool/tests/system.rs
expression: stdout_str
---
Aggregate timings
════════════════════════════════

  Total      Average    Count  Rel parent  Rel root  Span                              
  ══════════════════════════════════════════════════════════════════════════════════════
     1.8 ms     1.8 ms      1         N/A   100.0 %  run                               
     1.4 ms   716.0 μs      2      81.1 %    81.1 %  └── step                          
   115.0 μs    38.3 μs      3       8.0 %     6.5 %      ├── post_systems              
    74.0 μs    37.0 μs      2       5.2 %     4.2 %      ├── pre_systems               
   576.0 μs   288.0 μs      2      40.2 %    32.6 %      └── simulation_systems        
   273.0 μs   136.5 μs      2      47.4 %    15.5 %          └── span1                 
    84.0 μs    42.0 μs      2      30.8 %     4.8 %              └── span2             
  ══════════════════════════════════════════════════════════════════════════════════════


Number of completed time steps: 2

